        ▄████▄ ▄████▄ ██████                           ▄▄
            ██ ██     ██                               ██
██▀█▀██   ███▀ █████▄ █████▄ ▄████ ████▄  ▀▀█▄ ██   ██ ██
██ █ ██     ██ ██  ██     ██ ██    ██ ▀▀ ▄█▀██ ██ █ ██ ██
██   ██ ▀████▀ ▀████▀ ▀████▀ ▀████ ██    ▀█▄██  ██▀██  ██
local-first Microsoft 365 mirror for SQLite  |  doctor

