 ▄▄                                                       ▄▄
 ██                                                       ██
▀██▀ ▄███▄  ▀▀█▄ ██▀█▀██ ▄█▀▀▀ ▄████  ████▄  ▀▀█▄ ██   ██ ██
 ██  ██▀▀▀ ▄█▀██ ██ █ ██ ▀███▄ ██     ██ ▀▀ ▄█▀██ ██ █ ██ ██
 ▀█▄ ▀████ ▀█▄██ ██   ██ ▄▄▄█▀ ▀████  ██    ▀█▄██  ██▀██  ██
local-first Teams mirror for SQLite

