[1m[36mMISC[0m
[2m====[0m

[2mcx[0m[2m : [0m(1+2i)
[2mi [0m[2m : [0m7
[2mnp[0m[2m : [0m[2m-[0m

[36mn[0m
[2m-[0m
  [2mcount[0m[2m : [0m0
[1m[36mTOP[0m
[2m===[0m

[2mcount[0m[2m : [0m1
[1m[36mLIST[0m
[2m====[0m

[2mcount[0m
[2m-----[0m
1
2
[1m[36mEMPTY[0m
[2m=====[0m

(empty)
