[2mat[0m                [2mtype[0m            [2mstate[0m   [2msender[0m       [2mconversation[0m               [2mtext[0m
[2m----------------[0m  [2m--------------[0m  [2m------[0m  [2m-----------[0m  [2m-------------------------[0m  [2m--------------------[0m
2023-11-14 22:22  follow          unread  Pat Example  Fixture team 2 › Planning  Planning channel ...
2023-11-14 22:22  follow          unread  Pat Example  Fixture team 1 › Planning  Planning channel ...
2023-11-14 22:21  replyToReply    read    Pat Example  Fixture team 2 › General   Channel post with...
2023-11-14 22:21  replyToReply    read    Pat Example  Fixture team 1 › General   Channel post with...
2023-11-14 22:20  msGraph         unread  [2m-[0m            [2m-[0m                          [2m-[0m
2023-11-14 22:20  msGraph         unread  [2m-[0m            [2m-[0m                          [2m-[0m
2023-11-14 22:19  reaction        read    Pat Example  Fixture team 2 › General   Channel post with...
2023-11-14 22:19  reaction        read    Pat Example  Fixture team 1 › General   Channel post with...
2023-11-14 22:18  reactionInChat  unread  Pat Example  Fixture chat 2             Reactions here
2023-11-14 22:18  reactionInChat  unread  Pat Example  Fixture chat 1             Reactions here
2023-11-14 22:17  reply           unread  Pat Example  Fixture team 2 › General   Channel post with...
2023-11-14 22:17  reply           unread  Pat Example  Fixture team 1 › General   Channel post with...
2023-11-14 22:16  mention         read    Pat Example  Fixture team 2 › General   Channel post with...
2023-11-14 22:16  mention         read    Pat Example  Fixture team 1 › General   Channel post with...
2023-11-14 22:15  mentionInChat   unread  Pat Example  Fixture chat 2             Alex Fixture and ...
2023-11-14 22:15  mentionInChat   unread  Pat Example  Fixture chat 1             Alex Fixture and ...

[2m16 items[0m
[2marchive age: <age>[0m
