at                type            state   actor        sender       conversation               text
----------------  --------------  ------  -----------  -----------  -------------------------  --------------------
2023-11-14 22:25  mentionInChat   unread  Pat Example  Pat Example  Pat Example, Sam Example   everyone broadcas...
2023-11-14 22:25  mentionInChat   unread  Pat Example  Pat Example  Pat Example, Sam Example   everyone broadcas...
2023-11-14 22:24  mention         read    Pat Example  Pat Example  Pat Example, Sam Example   Fixture Tag Two b...
2023-11-14 22:24  mention         read    Pat Example  Pat Example  Pat Example, Sam Example   Fixture Tag Two b...
2023-11-14 22:23  mention         unread  Pat Example  Pat Example  Pat Example, Sam Example   Fixture team 2 br...
2023-11-14 22:23  mention         unread  Pat Example  Pat Example  Pat Example, Sam Example   Fixture team 1 br...
2023-11-14 22:22  follow          unread  Pat Example  Pat Example  Fixture team 2 › Planning  Planning channel ...
2023-11-14 22:22  follow          unread  Pat Example  Pat Example  Fixture team 1 › Planning  Planning channel ...
2023-11-14 22:21  replyToReply    read    Pat Example  Pat Example  Fixture team 2 › General   Channel post with...
2023-11-14 22:21  replyToReply    read    Pat Example  Pat Example  Fixture team 1 › General   Channel post with...
2023-11-14 22:20  msGraph         unread  -            -            -                          -
2023-11-14 22:20  msGraph         unread  -            -            -                          -
2023-11-14 22:19  reaction        read    -            Pat Example  Fixture team 2 › General   Channel post with...
2023-11-14 22:19  reaction        read    -            Pat Example  Fixture team 1 › General   Channel post with...
2023-11-14 22:18  reactionInChat  unread  Pat Example  Pat Example  Fixture chat 2             Reactions here
2023-11-14 22:18  reactionInChat  unread  Pat Example  Pat Example  Fixture chat 1             Reactions here
2023-11-14 22:17  reply           unread  Pat Example  Pat Example  Fixture team 2 › General   Channel post with...
2023-11-14 22:17  reply           unread  Pat Example  Pat Example  Fixture team 1 › General   Channel post with...
2023-11-14 22:16  mention         read    Pat Example  Pat Example  Fixture team 2 › General   Channel post with...
2023-11-14 22:16  mention         read    Pat Example  Pat Example  Fixture team 1 › General   Channel post with...
2023-11-14 22:15  mentionInChat   unread  Pat Example  Pat Example  Fixture chat 2             Alex Fixture and ...
2023-11-14 22:15  mentionInChat   unread  Pat Example  Pat Example  Fixture chat 1             Alex Fixture and ...

22 items
archive age: <age>
