[2mstart[0m             [2mend[0m               [2mstatus[0m     [2msubject[0m                 [2mwhere[0m   [2mresponse[0m
[2m----------------[0m  [2m----------------[0m  [2m---------[0m  [2m----------------------[0m  [2m------[0m  [2m---------[0m
2023-11-21 15:00  2023-11-21 15:30  confirmed  Fixture thin event      [2m-[0m       accepted
2023-11-21 15:00  2023-11-21 15:30  confirmed  Fixture thin event      [2m-[0m       accepted
2023-11-21 16:00  2023-11-21 16:45  confirmed  Fixture thinnest event  [2m-[0m       accepted
2023-11-21 16:00  2023-11-21 16:45  confirmed  Fixture thinnest event  [2m-[0m       accepted
2023-11-21 18:00  2023-11-21 19:00  confirmed  Fixture online meeting  online  tentative
2023-11-21 18:00  2023-11-21 19:00  confirmed  Fixture pacific sync    [2m-[0m       accepted
2023-11-21 18:00  2023-11-21 19:00  confirmed  Fixture pacific sync    [2m-[0m       accepted
2023-11-22        all day           confirmed  Fixture holiday         [2m-[0m       accepted
2023-11-22        all day           confirmed  Fixture holiday         [2m-[0m       accepted
2023-11-22 18:00  2023-11-22 18:30  confirmed  Fixture standup         online  accepted
2023-11-22 18:00  2023-11-22 18:30  confirmed  Fixture standup         online  accepted
2023-11-22 18:00  2023-11-22 18:30  confirmed  Fixture standup         online  accepted

[2mevents of these outlook accounts are not merged with a Teams account: outlook/Main[0m
[2m  to link: teamscrawl sync --outlook-profile Main --outlook-account <tenantId>/<userId>[0m
[2m12 items[0m
[2marchive age: <age>[0m
