[2msource[0m   [2maccount[0m              [2mstatus[0m  [2mwindow[0m                  [2mcovered_days[0m  [2mevents[0m  [2mwith_detail[0m  [2mrecaps[0m
[2m-------[0m  [2m-------------------[0m  [2m------[0m  [2m----------------------[0m  [2m------------[0m  [2m------[0m  [2m-----------[0m  [2m------[0m
teams    0000…0001/0000…00a1  [2m-[0m       2023-11-20..2023-11-29  7             14      1            3
teams    0000…0002/0000…00a2  [2m-[0m       2023-11-20..2023-11-29  7             14      1            3
outlook  outlook/Main         ok      2023-11-20..2031-03-12  9             10      8            0

[2m3 items[0m
[2marchive age: <age>[0m
