FIXTURE PLANNING REVIEW
=======================

chat      : Fixture standup (9 messages)
detail    : full
event id  : ev_2da7280856
join link : https://teams.example.invalid/l/meetup-join/19%3Ameeting_FIXTURE1%40thread.v2/0?context=%7B%22Tid%22%3A%2200000000-0000-4000-8000-000000000001%22%2C%22Oid%22%3A%2200000000-0000-4000-8000-0000000000a1%22%7D
location  : Fixture Room Alpha; Fixture Room Beta
organizer : Pat Example
response  : accepted
rooms     : Fixture Room Alpha, Fixture Room Beta
status    : confirmed
when      : 2023-11-20 17:00 to 2023-11-20 18:00
unknown: recurrence

attendee            role      response
------------------  --------  ---------
Pat Example         Chair     organizer
Alex Fixture        Attendee  accepted
Sam Example         Attendee  none
Jordan Fixture      Attendee  tentative
Casey Fixture       Attendee  declined
Fixture Room Alpha  Attendee  accepted

owner         action item
------------  ----------------------
Pat Example   Send the fixture plan
Alex Fixture  Book Fixture Room Beta

Fixture summary: the plan was reviewed.
archive age: <age>
