[1m[36mFIXTURE ALL-DAY EVENT[0m
[2m=====================[0m

[2mdetail   [0m[2m : [0mbasic
[2mevent id [0m[2m : [0mev_d122fb0038
[2mlocation [0m[2m : [0mFixture Room 1
[2morganizer[0m[2m : [0mFixture Organizer
[2mresponse [0m[2m : [0mnone
[2mstatus   [0m[2m : [0mconfirmed
[2mwhen     [0m[2m : [0m2031-03-05 (all day)
[2munknown: attachments, attendees, body, categories, has_attachments, is_organizer, is_private, recurrence, reminder, rooms, time_zone_iana, utc_offset[0m
[2moutlook is the only source of this event; not known: attendees, body[0m
[2marchive age: <age>[0m
