start             end               status     subject                      where   response
----------------  ----------------  ---------  ---------------------------  ------  --------
2023-11-22        all day           confirmed  Fixture holiday              -       accepted
2023-11-22 18:00  2023-11-22 18:30  confirmed  Fixture standup              online  accepted
2023-11-23 09:00  2023-11-23 10:00  confirmed  Fixture central europe sync  -       accepted
2023-11-23 18:00  2023-11-23 18:30  confirmed  Fixture standup              online  accepted

4 items
notice: the Teams calendar cache last refreshed from the calendar service 2023-11-14T09:30:00Z, before this range starts (teams_cache_fresh_at): an event created or changed since then, such as a new invitation, is listed only after Teams refreshes it (open the Calendar in Teams, then run `m365crawl sync`).
archive age: <age>
