start             end               status     subject                 where   response
----------------  ----------------  ---------  ----------------------  ------  ---------
2023-11-21 15:00  2023-11-21 15:30  confirmed  Fixture thin event      -       accepted
2023-11-21 15:00  2023-11-21 15:30  confirmed  Fixture thin event      -       accepted
2023-11-21 16:00  2023-11-21 16:45  confirmed  Fixture thinnest event  -       accepted
2023-11-21 16:00  2023-11-21 16:45  confirmed  Fixture thinnest event  -       accepted
2023-11-21 18:00  2023-11-21 19:00  confirmed  Fixture pacific sync    -       accepted
2023-11-21 18:00  2023-11-21 19:00  confirmed  Fixture pacific sync    online  tentative
2023-11-21 18:00  2023-11-21 19:00  confirmed  Fixture pacific sync    -       accepted
2023-11-22        all day           confirmed  Fixture holiday         -       accepted
2023-11-22        all day           confirmed  Fixture holiday         -       accepted
2023-11-22 18:00  2023-11-22 18:30  confirmed  Fixture standup         online  accepted
2023-11-22 18:00  2023-11-22 18:30  confirmed  Fixture standup         online  accepted
2023-11-22 18:00  2023-11-22 18:30  confirmed  Fixture standup         online  accepted

events of these outlook accounts are not merged with a Teams account: outlook/Main
  to link: m365crawl sync --outlook-profile Main --outlook-account <tenantId>/<userId>
12 items
archive age: <age>
