[1m[36mFIXTURE PLANNING REVIEW[0m
[2m=======================[0m

[2mchat     [0m[2m : [0mFixture standup (9 messages)
[2mdetail   [0m[2m : [0mfull
[2mevent id [0m[2m : [0mev_5ad4c8d3c8
[2mjoin link[0m[2m : [0mhttps://teams.example.invalid/l/meetup-join/19%3Ameeting_FIXTURE1%40thread.v2/0?context=%7B%22Tid%22%3A%2200000000-0000-4000-8000-000000000001%22%2C%22Oid%22%3A%2200000000-0000-4000-8000-0000000000a1%22%7D
[2mlocation [0m[2m : [0mFixture Room Alpha; Fixture Room Beta
[2morganizer[0m[2m : [0mPat Example
[2mresponse [0m[2m : [0maccepted
[2mrooms    [0m[2m : [0mFixture Room Alpha, Fixture Room Beta
[2mstatus   [0m[2m : [0mconfirmed
[2mwhen     [0m[2m : [0m2023-11-20 17:00 to 2023-11-20 18:00
[2munknown: recurrence[0m

[2mattendee[0m            [2mrole[0m      [2mresponse[0m
[2m------------------[0m  [2m--------[0m  [2m---------[0m
Pat Example         Chair     organizer
Alex Fixture        Attendee  accepted
Sam Example         Attendee  none
Jordan Fixture      Attendee  tentative
Casey Fixture       Attendee  declined
Fixture Room Alpha  Attendee  accepted

[2mowner[0m         [2maction item[0m
[2m------------[0m  [2m----------------------[0m
Pat Example   Send the fixture plan
Alex Fixture  Book Fixture Room Beta

Fixture summary: the plan was reviewed.
[2marchive age: <age>[0m
