start             end               status     subject               where   response
----------------  ----------------  ---------  --------------------  ------  ---------
2023-11-21 18:00  2023-11-21 19:00  confirmed  Fixture pacific sync  online  tentative
2023-11-22 18:00  2023-11-22 18:30  confirmed  Fixture standup       online  accepted

events of these outlook accounts are not merged with a Teams account: outlook/Main
  to link: teamscrawl sync --outlook-profile Main --outlook-account <tenantId>/<userId>
2 items
archive age: <age>
