items
-----
no rows

no cached data covers 1 day(s) of this range: 2023-11-15

recaps with no event in the archive
started                                                    summary            action items
---------------------------------------------------------  -----------------  ------------
2023-11-15 11:50 (recording start; meeting start unknown)  (no summary text)  Orphan task
0 items
note: no event: the range is outside the archived calendar, which covers 2023-11-20 to 2023-11-29
archive age: <age>
