event_start       subject                  owner         title
----------------  -----------------------  ------------  ----------------------
2023-11-20 17:00  Fixture planning review  Pat Example   Send the fixture plan
2023-11-20 17:00  Fixture planning review  Alex Fixture  Book Fixture Room Beta

2 items
archive age: <age>
