[2mitems[0m
[2m-----[0m
no rows

[2mno cached data covers 1 day(s) of this range: 2023-11-15[0m

[2mrecaps with no event in the archive[0m
[2mstarted[0m                                                    [2msummary[0m            [2maction items[0m
[2m---------------------------------------------------------[0m  [2m-----------------[0m  [2m------------[0m
2023-11-15 11:50 (recording start; meeting start unknown)  (no summary text)  Orphan task
[2m0 items[0m
[2marchive age: <age>[0m
