[2mevent_start[0m       [2msubject[0m                  [2mowner[0m         [2mtitle[0m
[2m----------------[0m  [2m-----------------------[0m  [2m------------[0m  [2m----------------------[0m
2023-11-20 17:00  Fixture planning review  Pat Example   Send the fixture plan
2023-11-20 17:00  Fixture planning review  Alex Fixture  Book Fixture Room Beta

[2m2 items[0m
[2marchive age: <age>[0m
