[2mid[0m                [2msubject[0m
[2m----------------[0m  [2m----------------------[0m
outlook/Main:106  Lunch on Friday
outlook/Main:104  Lunch on Friday
outlook/Main:103  Re: Re: Quarterly plan
outlook/Main:102  Re: Quarterly plan
outlook/Main:101  Quarterly plan
outlook/Main:105  Old report

[2m6 items[0m
[2marchive age: <age> synced[0m
[2msynced <stamp> · cache covers since 2026-08-01[0m
