[2mfolder[0m  [2mkind[0m   [2munread[0m  [2mcached[0m
[2m------[0m  [2m-----[0m  [2m------[0m  [2m------[0m
Inbox   inbox  1       4

[2mid[0m                [2mreceived[0m          [2mstate[0m                 [2mfrom[0m        [2msubject[0m         [2mfolder[0m
[2m----------------[0m  [2m----------------[0m  [2m--------------------[0m  [2m----------[0m  [2m--------------[0m  [2m------[0m
outlook/Main:101  2026-09-05 08:00  unread,flagged,files  Ann Sender  Quarterly plan  Inbox

[2m1 items[0m
[2mnote: the local cache holds 4 messages in this folder; Outlook may show more[0m
[2marchive age: <age> synced[0m
[2msynced <stamp> · cache covers since 2026-09-05[0m
