[2mfolder[0m      [2mkind[0m    [2mmessages[0m  [2munread[0m  [2moldest cached[0m     [2mnewest[0m
[2m----------[0m  [2m------[0m  [2m--------[0m  [2m------[0m  [2m----------------[0m  [2m----------------[0m
Inbox       inbox   4         1       2026-09-05 08:00  2026-09-09 08:00
Drafts      drafts  0         0       -                 -
Sent Items  sent    1         0       2026-09-07 08:00  2026-09-07 08:00
Projects    other   1         1       2026-08-01 08:00  2026-08-01 08:00

[2m4 items[0m
[2marchive age: <age>[0m
[2msynced 2026-09-10 09:00 · cache covers since 2026-08-01[0m
