[1m[36mLUNCH ON FRIDAY[0m
[2m===============[0m

[2mbody               [0m[2m : [0mnone
[2mflag               [0m[2m : [0mnone
[2mfolder             [0m[2m : [0mInbox
[2mfrom               [0m[2m : [0mann@example.test
[2mid                 [0m[2m : [0moutlook/Main:104
[2mimportance (likely)[0m[2m : [0mnormal
[2mreceived           [0m[2m : [0m2026-09-08 08:00
[2mstate              [0m[2m : [0munknown

[2mrecipient (To and Cc not yet told apart)[0m  [2maddress[0m           [2mkind_raw[0m
[2m----------------------------------------[0m  [2m----------------[0m  [2m--------[0m
Bob Reader                                bob@example.test  1
[2marchive age: <age>[0m
[2msynced 2026-09-10 09:00 · cache covers since 2026-08-01[0m
