id                subject
----------------  ----------------------
outlook/Main:106  Lunch on Friday
outlook/Main:104  Lunch on Friday
outlook/Main:103  Re: Re: Quarterly plan
outlook/Main:102  Re: Quarterly plan
outlook/Main:101  Quarterly plan
outlook/Main:105  Old report

6 items
archive age: <age>
synced 2026-09-10 09:00 · cache covers since 2026-08-01
