{
  "schema_version": "crawlkit.control.v1",
  "id": "m365crawl",
  "display_name": "m365crawl",
  "description": "Mirrors the Microsoft Teams desktop app's local cache, and optionally the new Outlook for Mac's calendar, into a SQLite archive on your Mac or Windows PC, with full-text search, unread state, mentions, the activity feed and a calendar with meeting recaps, so an AI agent can read your Teams history and agenda in milliseconds, offline and read-only.",
  "binary": {
    "name": "m365crawl"
  },
  "branding": {},
  "paths": {
    "config_env": "M365CRAWL_DB",
    "default_database": "~/.m365crawl/m365crawl.db"
  },
  "commands": {
    "calendar": {
      "argv": [
        "m365crawl",
        "--json",
        "calendar"
      ],
      "json": true
    },
    "doctor": {
      "argv": [
        "m365crawl",
        "--json",
        "doctor"
      ],
      "json": true
    },
    "mail folders": {
      "argv": [
        "m365crawl",
        "--json",
        "mail",
        "folders"
      ],
      "json": true
    },
    "mail list": {
      "argv": [
        "m365crawl",
        "--json",
        "mail",
        "list"
      ],
      "json": true
    },
    "mail show": {
      "argv": [
        "m365crawl",
        "--json",
        "mail",
        "show",
        "\u003cid\u003e"
      ],
      "json": true
    },
    "mail thread": {
      "argv": [
        "m365crawl",
        "--json",
        "mail",
        "thread",
        "\u003cid\u003e"
      ],
      "json": true
    },
    "mail unread": {
      "argv": [
        "m365crawl",
        "--json",
        "mail",
        "unread"
      ],
      "json": true
    },
    "search": {
      "argv": [
        "m365crawl",
        "--json",
        "search"
      ],
      "json": true
    },
    "status": {
      "argv": [
        "m365crawl",
        "--json",
        "status"
      ],
      "json": true
    },
    "sync": {
      "argv": [
        "m365crawl",
        "--json",
        "sync"
      ],
      "json": true,
      "mutates": true
    }
  },
  "capabilities": [
    "doctor",
    "status",
    "sync",
    "watch",
    "search",
    "sql",
    "calendar",
    "mail"
  ],
  "privacy": {
    "contains_private_messages": true,
    "exports_secrets": false,
    "local_only_scopes": [
      "teams_cache",
      "outlook_store"
    ]
  }
}
