name         id                          sources  last_seen_at
-----------  --------------------------  -------  ----------------
me1          mail:me1@example.invalid    mail     2023-11-28 09:00
Pat Example  mail:pat@example.invalid    mail     2023-11-28 09:00
Quinn Mail   mail:quinn@example.invalid  mail     2023-11-21 12:00
Sam Example  mail:sam@example.invalid    mail     2023-11-19 10:00

4 items
archive age: <age>
