[2mname[0m         [2mid[0m                          [2msources[0m  [2mlast_seen_at[0m
[2m-----------[0m  [2m--------------------------[0m  [2m-------[0m  [2m----------------[0m
me1          mail:me1@example.invalid    mail     2023-11-28 09:00
Pat Example  mail:pat@example.invalid    mail     2023-11-28 09:00
Quinn Mail   mail:quinn@example.invalid  mail     2023-11-21 12:00
Sam Example  mail:sam@example.invalid    mail     2023-11-19 10:00

[2m4 items[0m
[2marchive age: <age>[0m
