[2mupdated_at[0m        [2mdatabase[0m                [2maccount[0m              [2mstore[0m   [2mkey[0m                  [2mvalue[0m
[2m----------------[0m  [2m----------------------[0m  [2m-------------------[0m  [2m------[0m  [2m-------------------[0m  [2m--------------------[0m
<stamp>  Teams:calendar-manager  0000…0001/0000…00a1  events  "fixture-event-1-1"  {"id":"fixture-ev...
<stamp>  Teams:calendar-manager  0000…0001/0000…00a1  events  "fixture-event-1-2"  {"id":"fixture-ev...
<stamp>  Teams:calendar-manager  0000…0002/0000…00a2  events  "fixture-event-2-1"  {"id":"fixture-ev...

[2m3 of 4 items (more exist; raise --limit)[0m
[2marchive age: <age>[0m
