updated_at        database                                  store   key                  value
----------------  ----------------------------------------  ------  -------------------  --------------------
<stamp>  Teams:calendar-manager:react-web-clie...  events  "fixture-event-1-1"  {"id":"fixture-ev...
<stamp>  Teams:calendar-manager:react-web-clie...  events  "fixture-event-1-2"  {"id":"fixture-ev...
<stamp>  Teams:calendar-manager:react-web-clie...  events  "fixture-event-2-1"  {"id":"fixture-ev...

3 of 4 items (more exist; raise --limit)
archive age: <age>
