[2mat[0m                [2msource[0m  [2mwhere[0m           [2mwho[0m            [2mtext[0m
[2m----------------[0m  [2m------[0m  [2m--------------[0m  [2m-------------[0m  [2m-------------------------[0m
2023-11-14 22:13  chats   Fixture chat 1  Alex Fixture   Pat Example please review
2023-11-14 22:13  chats   Fixture chat 2  Blair Fixture  Pat Example please review

[2m2 items[0m
[2mnote: --mentions-me applies to Teams chats only; mail was not searched[0m
[2marchive age: <age>[0m
