at                source  where           who            text
----------------  ------  --------------  -------------  -------------------------
2023-11-14 22:13  chats   Fixture team 1  Alex Fixture   Will be deleted (deleted)
2023-11-14 22:13  chats   Fixture team 2  Blair Fixture  Will be deleted (deleted)

2 items
archive age: <age>
