at                source  where           who            text
----------------  ------  --------------  -------------  -------------------------
2023-11-14 22:13  chats   Fixture chat 1  Alex Fixture   Pat Example please review
2023-11-14 22:13  chats   Fixture chat 2  Blair Fixture  Pat Example please review

2 items
note: --mentions-me applies to Teams chats only; mail was not searched
archive age: <age>
