at                source  where           who            thread                                                                                                     text
----------------  ------  --------------  -------------  ---------------------------------------------------------------------------------------------------------  --------------------
2023-11-14 22:13  chats   Fixture chat 1  Alex Fixture   19:00000000-0000-4000-8000-0000000000a1_00000000-0000-4000-8000-0000000000ff@unq.gbl.spaces 1700000001000  Hello from Alex F...
2023-11-14 22:13  chats   Fixture chat 2  Blair Fixture  19:00000000-0000-4000-8000-0000000000a2_00000000-0000-4000-8000-0000000000ff@unq.gbl.spaces 1700000001000  Hello from Blair ...

2 items
note: mail is not in the archive yet; run m365crawl sync
archive age: <age>
