at                source  where           who            text
----------------  ------  --------------  -------------  ------------------------
2023-11-14 22:13  chats   Fixture chat 1  Alex Fixture   Hello from Alex Fixture
2023-11-14 22:13  chats   Fixture chat 2  Blair Fixture  Hello from Blair Fixture

2 items
note: mail is not in the archive yet; run m365crawl sync
archive age: <age>
