 ▄▄                                                       ▄▄
 ██                                                       ██
▀██▀ ▄███▄  ▀▀█▄ ██▀█▀██ ▄█▀▀▀ ▄████  ████▄  ▀▀█▄ ██   ██ ██
 ██  ██▀▀▀ ▄█▀██ ██ █ ██ ▀███▄ ██     ██ ▀▀ ▄█▀██ ██ █ ██ ██
 ▀█▄ ▀████ ▀█▄██ ██   ██ ▄▄▄█▀ ▀████  ██    ▀█▄██  ██▀██  ██
local-first Teams mirror for SQLite  |  status

STATUS
======

archive path   : <db>
fts present    : yes
last run       : ok at <stamp>
mail           : 2 messages, 1 unread, 1 folders; oldest 2031-03-03 20:00; synced <stamp>
schema version : 6

account                                                                    conversations  messages  people  activity  newest
-------------------------------------------------------------------------  -------------  --------  ------  --------  ----------------
00000000-0000-4000-8000-000000000001/00000000-0000-4000-8000-0000000000a1  7              60        5       11        2023-12-05 18:31
00000000-0000-4000-8000-000000000002/00000000-0000-4000-8000-0000000000a2  7              60        5       11        2023-12-05 18:31
archive age: <age>
