 ▄▄                                                       ▄▄
 ██                                                       ██
▀██▀ ▄███▄  ▀▀█▄ ██▀█▀██ ▄█▀▀▀ ▄████  ████▄  ▀▀█▄ ██   ██ ██
 ██  ██▀▀▀ ▄█▀██ ██ █ ██ ▀███▄ ██     ██ ▀▀ ▄█▀██ ██ █ ██ ██
 ▀█▄ ▀████ ▀█▄██ ██   ██ ▄▄▄█▀ ▀████  ██    ▀█▄██  ██▀██  ██
local-first Teams mirror for SQLite  |  status

STATUS
======

archive path   : <db>
fts present    : yes
last run       : ok at <stamp>
schema version : 4

account                                                                    conversations  messages  people  activity  newest
-------------------------------------------------------------------------  -------------  --------  ------  --------  ----------------
00000000-0000-4000-8000-000000000001/00000000-0000-4000-8000-0000000000a1  7              55        5       11        2023-11-14 22:14
00000000-0000-4000-8000-000000000002/00000000-0000-4000-8000-0000000000a2  7              55        5       11        2023-11-14 22:14
archive age: <age>
