[2mdatabase[0m                     [2maccount[0m              [2mstore[0m                         [2mrecords[0m  [2mremoved[0m  [2mlast_updated_at[0m
[2m---------------------------[0m  [2m-------------------[0m  [2m----------------------------[0m  [2m-------[0m  [2m-------[0m  [2m----------------[0m
Teams:calendar-manager       0000…0001/0000…00a1  events                        2        0        <stamp>
Teams:calendar-manager       0000…0002/0000…00a2  events                        2        0        <stamp>
Teams:calendar               0000…0001/0000…00a1  calendar                      14       0        <stamp>
Teams:calendar               0000…0001/0000…00a1  calendar-internal-data        3        0        <stamp>
Teams:calendar               0000…0002/0000…00a2  calendar                      14       0        <stamp>
Teams:calendar               0000…0002/0000…00a2  calendar-internal-data        3        0        <stamp>
Teams:meetforwork-manager    0000…0001/0000…00a1  meetforwork-meeting-catch-up  5        0        <stamp>
Teams:meetforwork-manager    0000…0002/0000…00a2  meetforwork-meeting-catch-up  5        0        <stamp>
Teams:meeting-recap-manager  0000…0001/0000…00a1  meeting-recap-catchup         2        0        <stamp>
Teams:meeting-recap-manager  0000…0002/0000…00a2  meeting-recap-catchup         2        0        <stamp>
Teams:pinned-manager         0000…0001/0000…00a1  pins                          4        0        <stamp>
Teams:pinned-manager         0000…0002/0000…00a2  pins                          4        0        <stamp>

[2m12 items[0m
[2marchive age: <age>[0m
