database                                  store   records  removed  last_updated_at
----------------------------------------  ------  -------  -------  ----------------
Teams:calendar-manager:react-web-clie...  events  2        0        <stamp>
Teams:calendar-manager:react-web-clie...  events  2        0        <stamp>
Teams:pinned-manager:react-web-client...  pins    4        0        <stamp>
Teams:pinned-manager:react-web-client...  pins    4        0        <stamp>

4 items
archive age: <age>
