[2mdatabase[0m                                  [2mstore[0m   [2mrecords[0m  [2mremoved[0m  [2mlast_updated_at[0m
[2m----------------------------------------[0m  [2m------[0m  [2m-------[0m  [2m-------[0m  [2m----------------[0m
Teams:calendar-manager:react-web-clie...  events  2        0        <stamp>
Teams:calendar-manager:react-web-clie...  events  2        0        <stamp>
Teams:pinned-manager:react-web-client...  pins    4        0        <stamp>
Teams:pinned-manager:react-web-client...  pins    4        0        <stamp>

[2m4 items[0m
[2marchive age: <age>[0m
